# board=Linux 6.6.63 riscv64 march=rv64gcv_zvl256b_zfh_zvfh pin=4 loadavg=2.39 2.12 2.05 2/454 24675
# ggml_cpu_md5=dff7bc311a5de61a37f8fe1f47601e62
=== [A] compile OURS + self-probe ===
# OURS_iq2_xxs(iq2_xxs_new): vlux=12 vredsum=8 vsetvli=46 vslidedown=8 vmul=12 size=7616B
# OURS_iq2_xs(iq2_xs_new): vlux=8 vredsum=16 vsetvli=73 vslidedown=24 vmul=20 size=8880B
# OURS_iq2_s(iq2_s_new): vlux=8 vredsum=16 vsetvli=79 vslidedown=24 vmul=20 size=14072B
=== [C] driver+link ===
# linked OK
=== [D+E] PER-FORMAT byte-exact gate THEN cold (skip cold if broken) ===
# BYTE_EXACT ours_vs_ggml_deployed=true ours_vs_int_oracle=true ggml_vs_int_oracle=true ALL=true (grid mism og=0 oi=0 gi=0)
# BYTE_EXACT ours_vs_ggml_deployed=true ours_vs_int_oracle=true ggml_vs_int_oracle=true ALL=true (grid mism og=0 oi=0 gi=0)
# ANTIHOLLOW inject=1 expect_byte_exact=false observed=false -> BITES-OK
# ANTIHOLLOW inject=2 expect_byte_exact=false observed=false -> BITES-OK
# ANTIHOLLOW inject=3 expect_byte_exact=false observed=false -> BITES-OK
# VECDOT_COLD fmt=iq2_xxs seed=0x1 reps=25 | ours_med_ns=2110139(iqr1.82%) oppX_med_ns=1262317(iqr2.97%) | ratio_cold_X=0.5982 | opp=ggml_vec_dot_iq2_xxs_q8_K(deployed _vl128) flush=224MiB fsink=9351200768
# VECDOT_COLD fmt=iq2_xxs seed=0x2 reps=25 | ours_med_ns=2147223(iqr1.91%) oppX_med_ns=1260651(iqr2.97%) | ratio_cold_X=0.5871 | opp=ggml_vec_dot_iq2_xxs_q8_K(deployed _vl128) flush=224MiB fsink=9351200768
# BYTE_EXACT ours_vs_ggml_deployed=true ours_vs_int_oracle=true ggml_vs_int_oracle=true ALL=true (grid mism og=0 oi=0 gi=0)
# BYTE_EXACT ours_vs_ggml_deployed=true ours_vs_int_oracle=true ggml_vs_int_oracle=true ALL=true (grid mism og=0 oi=0 gi=0)
# ANTIHOLLOW inject=1 expect_byte_exact=false observed=false -> BITES-OK
# ANTIHOLLOW inject=2 expect_byte_exact=false observed=false -> BITES-OK
# ANTIHOLLOW inject=3 expect_byte_exact=false observed=false -> BITES-OK
# VECDOT_COLD fmt=iq2_xs seed=0x1 reps=25 | ours_med_ns=2729131(iqr1.47%) oppX_med_ns=1203026(iqr0.25%) | ratio_cold_X=0.4408 | opp=ggml_vec_dot_iq2_xs_q8_K(deployed _vl128) flush=224MiB fsink=9351200768
# VECDOT_COLD fmt=iq2_xs seed=0x2 reps=25 | ours_med_ns=2729548(iqr1.45%) oppX_med_ns=1200443(iqr0.16%) | ratio_cold_X=0.4398 | opp=ggml_vec_dot_iq2_xs_q8_K(deployed _vl128) flush=224MiB fsink=9351200768
# BYTE_EXACT ours_vs_ggml_deployed=true ours_vs_int_oracle=true ggml_vs_int_oracle=true ALL=true (grid mism og=0 oi=0 gi=0)
# BYTE_EXACT ours_vs_ggml_deployed=true ours_vs_int_oracle=true ggml_vs_int_oracle=true ALL=true (grid mism og=0 oi=0 gi=0)
# ANTIHOLLOW inject=1 expect_byte_exact=false observed=false -> BITES-OK
# ANTIHOLLOW inject=2 expect_byte_exact=false observed=false -> BITES-OK
# ANTIHOLLOW inject=3 expect_byte_exact=false observed=false -> BITES-OK
# VECDOT_COLD fmt=iq2_s seed=0x1 reps=25 | ours_med_ns=2769797(iqr0.21%) oppX_med_ns=1492064(iqr2.75%) | ratio_cold_X=0.5387 | opp=ggml_vec_dot_iq2_s_q8_K(deployed _vl128) flush=224MiB fsink=9351200768
# VECDOT_COLD fmt=iq2_s seed=0x2 reps=25 | ours_med_ns=2770255(iqr0.25%) oppX_med_ns=1492272(iqr0.15%) | ratio_cold_X=0.5387 | opp=ggml_vec_dot_iq2_s_q8_K(deployed _vl128) flush=224MiB fsink=9351200768
# DONE
