# PRE_STRAY=0
# loadavg_begin=2.58 2.31 2.17 1/1023 2587308
# LOAD_GATE_OK core=8 idle=100% gov=performance
=== ZERO-MODEL verify ===
ZERO-MODEL K=2048 nc=512 VLEN=128 seed=0xD00D | ours vs oracle: mism=0/512 max_rel=1.68e-05 | OPP-X vs oracle: mism=0/512 max_rel=1.68e-05 | OPP-S vs oracle: mism=511/512 max_rel=1.11e+02 => *** MISMATCH *** | OPP-S layout gate: FAIL=>VOID-S
=== SANITY 3x re-measure (seed 0xBEEF) ===
--- round 1 ---
ZERO-MODEL K=2048 nc=512 VLEN=128 seed=0xBEEF | ours vs oracle: mism=0/512 max_rel=9.38e-06 | OPP-X vs oracle: mism=0/512 max_rel=9.38e-06 | OPP-S vs oracle: mism=512/512 max_rel=2.86e+01 => *** MISMATCH *** | OPP-S layout gate: FAIL=>VOID-S
REPS_OURS seed=0xBEEF : 1157646 1312206 1174185 1324466 1465707 1345966 1361526 1219906 1154805 1423546 1393426 1312226 1163445 1310586 1419946 1418127 1419706 1405266 1301446 1439327 1364166 1357307 1365306 1369466 1210206
REPS_OPPX seed=0xBEEF : 330562 330421 387002 330142 330161 330021 329442 327922 330362 330402 330421 330441 330261 330701 329721 330681 377601 330421 329622 330362 330501 330241 330421 328542 330342
REPS_OPPS seed=0xBEEF : 360142 276841 285261 276582 278821 277121 280301 280842 282481 275901 275961 276061 282081 282961 280041 278042 274061 277481 279502 277202 280101 275401 277241 282901 283362
GEVM_M1 K=2048 nc=512 reps=25 VLEN=128 seed=0xBEEF | ours_med_ns=1357307(iqr7.65%) oppX_med_ns=330362(iqr0.09%) oppS_med_ns=278821(iqr1.88%) | ratio_cold_X=0.2434 ratio_cold_S=0.2054
--- round 2 ---
ZERO-MODEL K=2048 nc=512 VLEN=128 seed=0xBEEF | ours vs oracle: mism=0/512 max_rel=9.38e-06 | OPP-X vs oracle: mism=0/512 max_rel=9.38e-06 | OPP-S vs oracle: mism=512/512 max_rel=2.86e+01 => *** MISMATCH *** | OPP-S layout gate: FAIL=>VOID-S
REPS_OURS seed=0xBEEF : 1156506 1344306 1383626 1383866 1400106 1383466 1259466 1377706 1258146 1383507 1388107 1390187 1383286 1406786 1160846 1382147 1383686 1383186 1383226 1435406 1461486 1352106 1384866 1440766 1326346
REPS_OPPX seed=0xBEEF : 331762 333361 331862 332162 332541 331942 331941 332642 332462 332702 332081 332182 332541 333082 332002 331981 332141 332101 332121 331981 331462 331541 332062 331881 332361
REPS_OPPS seed=0xBEEF : 281781 277261 274641 274341 274421 274721 276601 276342 277321 275241 274921 275162 274661 275001 283122 278381 274601 274841 281181 276841 277781 275861 276741 274801 274321
GEVM_M1 K=2048 nc=512 reps=25 VLEN=128 seed=0xBEEF | ours_med_ns=1383466(iqr2.60%) oppX_med_ns=332101(iqr0.16%) oppS_med_ns=275241(iqr0.92%) | ratio_cold_X=0.2400 ratio_cold_S=0.1990
--- round 3 ---
ZERO-MODEL K=2048 nc=512 VLEN=128 seed=0xBEEF | ours vs oracle: mism=0/512 max_rel=9.38e-06 | OPP-X vs oracle: mism=0/512 max_rel=9.38e-06 | OPP-S vs oracle: mism=512/512 max_rel=2.86e+01 => *** MISMATCH *** | OPP-S layout gate: FAIL=>VOID-S
REPS_OURS seed=0xBEEF : 1156605 1299645 1240305 1241285 1240826 1360886 1384266 1436886 1437247 1437027 1336386 1515806 1437327 1440467 1504586 1436887 1437047 1442226 1436627 1332366 1440527 1299826 1307445 1299906 1299426
REPS_OPPX seed=0xBEEF : 333202 332461 330381 330122 328861 330662 330521 330721 330322 329902 330381 330461 330141 330382 330501 330162 330421 330422 330362 332062 330501 330201 330301 332942 330061
REPS_OPPS seed=0xBEEF : 283361 274321 275841 275222 281022 278722 276441 276902 277761 275481 276622 276941 276422 276381 276281 274602 275701 276902 315722 276242 280621 274641 274062 275101 278421
GEVM_M1 K=2048 nc=512 reps=25 VLEN=128 seed=0xBEEF | ours_med_ns=1384266(iqr9.93%) oppX_med_ns=330382(iqr0.10%) oppS_med_ns=276422(iqr0.82%) | ratio_cold_X=0.2387 ratio_cold_S=0.1997
# loadavg_end=2.65 2.34 2.18 2/1023 2587352
# cpu_md5_after=e85fceda47606a115c5fbb0021817cdc
# STRAY=0
# ALL_DONE
