# PRE_STRAY=0
# loadavg_begin=2.53 2.28 2.15 2/1022 2587110
# LOAD_GATE_OK core=8 idle=100% gov=performance
=== S1 seed=0x1357 ===
ZERO-MODEL K=2048 nr=16 nc=512 VLEN=128 seed=0x1357 INJECT=0 TOLK=4.0 outputs=8192
  ours  vs oracle: mism=0/8192 worst_tolratio=7.920e-03 max_rel=5.267e-04
  OPP-X vs oracle: mism=0/8192 worst_tolratio=7.920e-03 max_rel=5.267e-04
  OPP-S vs oracle: mism=8192/8192 worst_tolratio=2.120e+04 max_rel=6.977e+03
  xcheck: ours==OPP-X bitexact 8192/8192 | ours==OPP-S bitexact 0/8192
  GATE-OURS = PASS     (correct kernel; perf reportable)
  GATE-OPPX = PASS     (CROSSOP opponent numerically valid on this board)
  GATE-OPPS = FAIL     (PREREG §3.3 => VOID-S: same-operator opponent numbers forbidden; report OPP-X only, tagged CROSSOP)
REPS_OURS seed=0x1357 : 6855311 6857791 6864091 7287533 7200712 7252733 7238913 6875371 6836050 6808150 6922571 6827351 6891691 6827250 6899531 6911071 6904811 6927791 6860391 6868451
REPS_OPPX seed=0x1357 : 5184104 5254384 5186824 5183984 5239544 5172603 5194343 5187764 5286924 5225244 5187603 5218463 5187404 5225783 5186803 5239224 5183683 5218983 5182524 5310264
REPS_OPPS seed=0x1357 : 1742847 2312591 3586896 1806408 2025129 1860508 1785568 1780648 1894388 1779628 1980268 1799808 1786088 1838549 1780128 1855928 1741748 1980469 1943849 1786328
GEMM_PREFILL K=2048 nr=16 nc=512 reps=20 VLEN=128 seed=0x1357 | ours_med_ns=6891691(iqr1.02%) oppX_med_ns=5194343(iqr1.01%) oppS_med_ns=1838549(iqr10.59%) | ratio_cold_X=0.7537 ratio_cold_S=0.2668 sink=6936330240
=== S2 seed=0xACE2 ===
ZERO-MODEL K=2048 nr=16 nc=512 VLEN=128 seed=0xACE2 INJECT=0 TOLK=4.0 outputs=8192
  ours  vs oracle: mism=0/8192 worst_tolratio=5.841e-03 max_rel=3.971e-03
  OPP-X vs oracle: mism=0/8192 worst_tolratio=5.841e-03 max_rel=3.971e-03
  OPP-S vs oracle: mism=8189/8192 worst_tolratio=2.378e+04 max_rel=8.381e+03
  xcheck: ours==OPP-X bitexact 8192/8192 | ours==OPP-S bitexact 0/8192
  GATE-OURS = PASS     (correct kernel; perf reportable)
  GATE-OPPX = PASS     (CROSSOP opponent numerically valid on this board)
  GATE-OPPS = FAIL     (PREREG §3.3 => VOID-S: same-operator opponent numbers forbidden; report OPP-X only, tagged CROSSOP)
REPS_OURS seed=0xACE2 : 6817990 6849211 6796771 6858410 6881851 6843771 6870811 6862691 6854350 6811751 6864351 7268853 7314733 7301152 7046612 7279093 7292073 7306473 7313253 7276212
REPS_OPPX seed=0xACE2 : 5224343 5176883 5219143 5176483 5223324 5177444 5230603 5185843 5277883 5185604 5225683 5208104 5185464 5341264 5175983 5169803 5252464 5181783 5219223 5237164
REPS_OPPS seed=0xACE2 : 1798908 1757547 1807768 1762228 1985109 1757408 1766248 1788628 1789508 1754588 3586836 1779708 1761388 1755167 1754688 3583876 1722688 1720368 3586416 1824068
GEMM_PREFILL K=2048 nr=16 nc=512 reps=20 VLEN=128 seed=0xACE2 | ours_med_ns=6881851(iqr6.36%) oppX_med_ns=5219143(iqr0.94%) oppS_med_ns=1779708(iqr3.75%) | ratio_cold_X=0.7584 ratio_cold_S=0.2586 sink=6936330240
# loadavg_end=2.60 2.30 2.16 1/1022 2587144
# cpu_md5_after=e85fceda47606a115c5fbb0021817cdc base_md5_after=d9c07980cd3d6796e3e9750af7778140
# STRAY=0
# ALL_DONE
