20260717T083522Z-q4_0-rvv-d3002060·2026-07-17T08:35:22+00:00·q4_0·DRY-RUN(演示·未测量·无行更新)
20260717T090318Z-q4_0-rvv-f6c83b10·2026-07-17T09:03:18+00:00·q4_0·DRY-RUN(演示·未测量·无行更新)
20260717T091920Z-q4_0-rvv-622acd1f·2026-07-17T09:19:20+00:00·q4_0·DRY-RUN(演示·未测量·无行更新)
20260717T125129Z-q4_0-rvv-a26af0a6·2026-07-17T12:51:29+00:00·q4_0·DRY-RUN(演示·未测量·无行更新)
20260717T130726Z-q4_0-rvv-2af3e0a4·2026-07-17T13:07:26+00:00·q4_0·DRY-RUN(演示·未测量·无行更新)
20260717T131619Z-q4_0-rvv-51f77f76·2026-07-17T13:16:19+00:00·q4_0·DRY-RUN(演示·未测量·无行更新)
20260717T131722Z-q4_0-rvv-64b213d8·2026-07-17T13:17:22+00:00·q4_0·DRY-RUN(演示·未测量·无行更新)
20260717T172610Z-iq3_xxs-rvv-a17e7605·2026-07-17T17:26:10+00:00·iq3_xxs·DRY-RUN(演示·未测量·无行更新)
20260717T172907Z-iq3_xxs-rvv-67bc1c5d·2026-07-17T17:29:08+00:00·iq3_xxs·VOID-脏板
20260717T173052Z-iq3_xxs-rvv-65332b85·2026-07-17T17:33:15+00:00·iq3_xxs·near-parity·cold_X=0.9542·master-updated
20260717T180839Z-q4_0-rvv-5ce3a139·2026-07-17T18:08:39+00:00·q4_0·DRY-RUN(演示·未测量·无行更新)
20260717T193812Z-iq3_xxs-k1-a4db452a·2026-07-17T19:48:02+00:00·iq3_xxs·WIN·cold_X=1.3838(k1·VLEN256宽化half_lanes=16·flip 0.65→1.38)·PROVEN·NOT-deployed(deployed叶仍VLEN128=0.65)·master不变·deploy gated ISSUE-105
20260718T000000Z-iq3_xxs-rvv-dequant-owned·2026-07-18·dequantize_row/iq3_xxs·具名-X·cold_X=0.181(owned真向量 de-lottery·byte-exact GREEN·ISSUE-001反转·[L-8]满足·naive first-cut LOSS·perf pending 批量宽gather·§四.1)·harness-direct(dequantize_row.sh·原档 experiments/active/r-dequant/)·master-updated(CLANG_WORLD recon-dict·退役 autovec-lottery PASS)·trellis-check 复现 s1 0.1825/s2 0.1812
20260718T010000Z-offset_binary_n3-k1-preduce-rebench·2026-07-18·product_reduce/offset_binary_n3·PASS·ratio_cold=0.8605/0.8606(k1·bench通道 product_reduce.sh·N25-2seed·IQR0.12%·supersedes A2batch3 0.797)·具名-X→PASS·低margin·便宜档SANITY(scalar-ref·禁称硬赢)·master-updated(T3_B CSV)
20260718T020000Z-q8_0-rvv-dequant-owned·2026-07-18·dequantize_row/q8_0·PASS·cold_X=2.3478/2.3266(rvv·owned真向量 non-grid de-lottery·5 owned intrinsic·byte-exact GREEN·0.838 lottery→2.33 owned·[L-8]强义construction真赢·非grid无gather墙)·标量类硬门·★便宜档-compiler-artifact(对手autovec·非perf硬赢·勿外推)·harness-direct(dequantize_row.sh)·master-updated(CLANG_WORLD)·trellis-check a81da 复现
20260718T030000Z-blockquant4-rvv-dequant-owned·2026-07-18·dequantize_row/{q4_0,q5_0,q4_1,q5_1}·PASS·owned真向量 de-lottery(cold 2.10/5.96/2.29/6.44·[L-8]construction·关ISSUE-002敞口·FMA-resolved fused vfmacc匹配对手·byte-exact GREEN·ab84复现)·标量类硬门·★opp-immaturity(§三.12·非硬赢·勿外推)·master CLANG_WORLD·sealed未动
20260718T064843Z-iq3_s-k1-a6ad-widen·2026-07-18T06:48:43+00:00·iq3_s·WIN·cold_X=1.2025/1.2030(k1·VLEN256宽化half_lanes=16·flip 0.61→1.20·真宽AVL8→16/vset5397→2515/gather1024→512非re-roll·CROSSOP系统账vs手调vl256·byte-exact 4-arm)·PROVEN·a6ad trellis-check独立CONFIRMED·deploy裁准(裁决1·ISSUE-105·task施工中)·master待deploy转PASS
20260718T064843Z-iq1_s-k1-a6ad-widen·2026-07-18T06:48:43+00:00·iq1_s·WIN·cold_X=1.3375/1.3517(k1·VLEN256宽化·flip 0.59→1.34·2.27×·真宽AVL8→16非re-roll·CROSSOP vs手调vl256·byte-exact)·PROVEN·a6ad独立CONFIRMED·deploy裁准(裁决1·ISSUE-105)
20260718T064843Z-iq1_m-k1-a6ad-widen·2026-07-18T06:48:43+00:00·iq1_m·WIN·cold_X=1.7270/1.7738(k1·VLEN256宽化·flip 0.59→1.77·2.94×compound=宽化+spill-storm810→42清零·真宽AVL8→16非re-roll·CROSSOP vs手调vl256·byte-exact)·PROVEN·a6ad独立CONFIRMED·deploy裁准(裁决1·ISSUE-105)
20260719T183551Z-q4_K-k1-f8cdae04·2026-07-19T18:35:51+00:00·q4_K·DRY-RUN(演示·未测量·无行更新)
20260719T183819Z-q4_K-k1-fe7eb556·2026-07-19T18:38:22+00:00·q4_K·VOID-我方错(verify harness rc=2)
20260719T211946Z-iq2face-vsdeployed-r51w4·2026-07-19T21:19:46+00:00·iq2_xxs/iq2_xs/iq2_s vec_dot·W4 B线 vs 部署路径 cold harvest(byte-exact先·2seed·clang18-sym·opp=手调_vl128/_vl256·哲学锁①)·入账2[iq2_xxs@rvv 0.866 PASS(current-emitter db1bfdcd byte-exact@VLEN128)·iq2_s@rvv 1.015 PASS near-parity]·具名-X 4[iq2_xxs@k1 0.593(post-W4-fix)·iq2_xs@rvv 0.498·iq2_xs@k1 0.440·iq2_s@k1 0.539·floor=half-lane-AVL16-non-widening@VLEN256+16x-vwredsum ISSUE-020/109]·harness-direct(run_v2.sh·experiments/active/r51w4-iq2-vsdeployed-harvest)·row.csv落·master经主会话recon重生(agent不直写T3B)·0造数
20260719T211946Z-iq2_xxs-vecdot-VLEN256-correctness-fix-r51w4·2026-07-19T21:19:46+00:00·iq2_xxs·CORRECTNESS-FIX ISSUE-120-sibling·iq2_xxs vec_dot VLEN256 byte-BROKEN(mism og=512 oi=512)→byte-EXACT·emitIQ2XXSSuperBlockGridBody vslidedown半恢复(同dcbace2c9证法·iq2_xs/iq2_s emit零改byte-identical)·CORE==PROD diff=0·board ZERO-MODEL k1 512→0/rvv no-regression·fixed-md5 cb57ba6f·未commit(worktree)·⚠成色tension: fix的vslidedown在VLEN128纯开销→iq2_xxs@rvv 0.86 PASS→0.78 具名-X若部署·保守默认=登记不擅部署·named-lever=VLEN-adaptive half-recovery
20260720T000000Z-iq2_xxs-rvv-r51h-owned·2026-07-20·dequantize_row/iq2_xxs·PASS·cold 2.2565/2.2624(rvv·W5 grid族尾 de-lottery·owned 窄化per-entry body·gather-free·byte-exact 3-way 0/524288·CORE==PROD md5 6a9bdc4d·2seed iqr<1%)·ad-hoc run.sh 非bench通道·measured非T-N-qualified·便宜档opp-immaturity·master CLANG_WORLD updated
20260720T000000Z-iq2_s-rvv-r51h-owned·2026-07-20·dequantize_row/iq2_s·PASS·cold 2.1832/2.1754(rvv·W5 grid族尾·scalar-forwarder 1.75 lottery→owned de-lottery·gather-free·byte-exact 0/524288·CORE==PROD md5 13ca4316)·ad-hoc·非T-N-qualified·master updated
20260720T000000Z-iq1_s-rvv-r51h-owned·2026-07-20·dequantize_row/iq1_s·PASS·cold 0.9936/0.9965(rvv·W5 grid族尾·near-parity·lever-N/A honest-null de-lottery parity 同iq1_m·gather-free·byte-exact 0/524288·CORE==PROD md5 55378f93)·ad-hoc·非T-N-qualified·master updated·完成 grid族 7/7 owned
20260719T214506Z-iq2_xxs-VLEN-adaptive-perboard-r51w4·2026-07-19T21:45:06+00:00·iq2_xxs·★VLEN-ADAPTIVE via designed coreLmul(m2@VLEN128/m1@VLEN256 per-board emit·ZERO emitter source change)·iq2_xxs@rvv m2 0.82 PASS + iq2_xxs@k1 m1 0.84 PASS(★FLIP 0.59→0.84·m1 native-widening=ggml _vl256 shape)·byte-exact双板 mism=0·plain-vget zero-vslidedown·ISSUE-120根因=harness emit m2 for all boards(半宽欠用)非emitter-bug·修法=per-board schedule march·v1 vslidedown fix SUPERSEDED+REVERTED(worktree clean)·2 入账 both boards·supersedes-v1-runs.log-iq2_xxs
20260719T214506Z-iq2xs-iq2s-VLEN-adaptive-BLOCKED-r51w4·2026-07-19T21:45:06+00:00·iq2_xs/iq2_s·具名-X registered·VLEN-adaptivity BLOCKED架构(fixed 16-lane-half geometry·no schedule descriptor·minVLEN不plumbed到lowering·codebook class anchor-128 by design)·recover VLEN128 perf需schedule-descriptor+front-door+caller thread(超3-body scope)·net入账gain=0(iq2_xs@rvv 0.50→~0.62仍具名-X·iq2_s@rvv已PASS 0.99)·未做(尊重scope+避投机autotuner改0收益)·named-lever登记
